// Jest Snapshot v1, https://goo.gl/fbAQLP

exports[`Table has a valid snapshot 1`] = `
<div
  className="table"
>
  <div
    className="table-header"
  >
    <span
      className="item-title-header"
    >
      Title
    </span>
    <span
      className="item-author-header"
    >
      Author
    </span>
    <span
      className="item-comments-header"
    >
      Number of comments
    </span>
    <span
      className="item-points-header"
    >
      Points
    </span>
    <span
      className="item-action-header"
    >
      Action
    </span>
  </div>
  <div
    className="table-row"
  >
    <span
      className="item-title"
    >
      <a
        href="url1"
        target="_blank"
        title="Title"
      >
        1
      </a>
    </span>
    <span
      className="item-author"
      title="Author"
    >
      1
    </span>
    <span
      className="item-comments"
      title="Number of comments"
    >
      1
    </span>
    <span
      className="item-points"
      title="Points"
    >
      2
    </span>
    <span
      className="item-dismiss"
    >
      <button
        className="button-inline"
        onClick={[Function]}
        type="button"
      >
        Dismiss
      </button>
    </span>
  </div>
  <div
    className="table-row"
  >
    <span
      className="item-title"
    >
      <a
        href="url2"
        target="_blank"
        title="Title"
      >
        2
      </a>
    </span>
    <span
      className="item-author"
      title="Author"
    >
      2
    </span>
    <span
      className="item-comments"
      title="Number of comments"
    >
      1
    </span>
    <span
      className="item-points"
      title="Points"
    >
      2
    </span>
    <span
      className="item-dismiss"
    >
      <button
        className="button-inline"
        onClick={[Function]}
        type="button"
      >
        Dismiss
      </button>
    </span>
  </div>
</div>
`;
